[pierreeav.wordpress.com/index.html]
[backblue.gif]
[fade.gif]
[index.html]
[s0.wp.com/wp-content/plugins/custom-fonts/js/webfont.js]
[s2.wp.com/wp-content/mu-plugins/global-print/global-printa1cf.css]
[s0.wp.com/wp-content/themes/h4/global21a2.css]
[pierreeav.wordpress.com/feed/index.html]
[pierreeav.wordpress.com/xmlrpc0db0.php]
[s1.wp.com/_static/indexba1f.html]
[pierreeav.wordpress.com/comments/feed/index.html]
[pierreeav.wordpress.com/osd.xml]
[pierreeav.files.wordpress.com/2022/05/cropped-profil-176ca.png]
[pierreeav.files.wordpress.com/2022/05/cropped-profil-19939.png]
[pierreeav.files.wordpress.com/2022/05/cropped-profil-1ad83.png]
[pierreeav.files.wordpress.com/2022/05/cropped-in-vehicle-networking-ss610018373-featured-640x360_tcm55-48126-1.jpg]
[pierreeav.files.wordpress.com/2022/05/programmerfddc.png]
[pierreeav.wordpress.com/portfolio/index.html]
[pierreeav.files.wordpress.com/2022/06/cyber-securityfddc.png]
[pierreeav.wordpress.com/resume/index.html]
[pierreeav.wordpress.com/contact/index.html]
[pierreeav.files.wordpress.com/2022/06/computerfddc.png]
[pierreeav.files.wordpress.com/2022/06/pentestfddc.png]
[pierreeav.files.wordpress.com/2022/06/ciscofddc.png]
[pierreeav.files.wordpress.com/2022/06/firewallfddc.png]
[pierreeav.files.wordpress.com/2022/06/linuxfddc.png]
[pierreeav.files.wordpress.com/2022/06/pythonfddc.png]
[pierreeav.files.wordpress.com/2022/06/sqlfddc.png]
[pierreeav.files.wordpress.com/2022/06/bashfddc.png]
[pierreeav.files.wordpress.com/2022/06/auditfddc.png]
[pierreeav.files.wordpress.com/2022/06/277-2770780_windows-server-2012-icon-hd-png-download-removebg-preview-editedf3de.png]
[pierreeav.files.wordpress.com/2022/06/c-fddc.png]
[0.gravatar.com/js/gprofiles5ce1.js]
[s1.wp.com/wp-content/mu-plugins/gravatar-hovercards/wpgrohodc5c.js]
[pierreeav.wordpress.com/GET]
[pierreeav.files.wordpress.com/2022/05/cropped-profil-1ae05.png]
[s0.wp.com/wp-content/mu-plugins/actionbar/actionbar2866.css]
[s0.wp.com/wp-content/mu-plugins/actionbar/actionbarb516.js]
[stats.wp.com/w03af.js]
[pierreeav.wordpress.com/wp-content/plugins/ie-sitemode/custom-jumplist.php]
[pixel.wp.com/b0b80.gif]
[pierreeav.wordpress.com/index.html]
[pierreeav.wordpress.com/xmlrpc.php]
[s1.wp.com/_static/indexba1f.html]
[s2.wp.com/wp-content/mu-plugins/global-print/global-printa1cf.css]
[s0.wp.com/wp-content/themes/h4/global21a2.css]
[pierreeav.files.wordpress.com/2022/05/kali-1bca5.png]
[pierreeav.wordpress.com/portfolio/feed/index.html]
[pierreeav.wordpress.com/portfolio/kali-linux/index.html]
[pierreeav.wordpress.com/portfolio/easysave/index.html]
[pierreeav.files.wordpress.com/2022/05/easysaveclibca5.png]
[pierreeav.files.wordpress.com/2022/05/image-1bca5.png]
[pierreeav.wordpress.com/portfolio/wordlist/index.html]
[pierreeav.wordpress.com/portfolio/sportdehors/index.html]
[pierreeav.files.wordpress.com/2022/05/image-2bca5.png]
[pierreeav.files.wordpress.com/2022/05/guestshellbca5.jpg]
[pierreeav.wordpress.com/portfolio/guestshell/index.html]
[pierreeav.wordpress.com/portfolio/gameinreims/index.html]
[pierreeav.files.wordpress.com/2022/05/logo-girbca5.png]
[pierreeav.files.wordpress.com/2022/05/honeypot-removebg-previewbca5.png]
[pierreeav.wordpress.com/portfolio/setting-up-a-honeypot-server/index.html]
[pierreeav.files.wordpress.com/2022/05/documentation-systeme-dinformation-pourquoi-est-ce-indispensablebca5.jpg]
[pierreeav.wordpress.com/portfolio/setting-up-an-si/index.html]
[pierreeav.files.wordpress.com/2022/05/800px-cisco_logo_blue_2016.svg_bca5.png]
[pierreeav.wordpress.com/portfolio/cisco-infrastructure/index.html]
[pierreeav.files.wordpress.com/2022/05/icons_ctf_1bca5.png]
[pierreeav.wordpress.com/portfolio/ctf-et-challenges/index.html]
[pierreeav.wordpress.com/portfolio/page/2/index.html]
[pierreeav.wordpress.com/portfolio/GET.2c.delayed]
[s1.wp.com/wp-content/mu-plugins/jetpack-plugin/production/modules/tiled-gallery/tiled-gallery/tiled-gallery2caa.css]
[pierreeav.wordpress.com/portfolio/index.html]
[pierreeav.wordpress.com/wp-content/js/bilmur.min7bd6.js]
[pierreeav.wordpress.com/resume/GET.31.delayed]
[pierreeav.wordpress.com/resume/index.html]
[pierreeav.wordpress.com/contact/GET]
[pierreeav.wordpress.com/contact/index.html]
[pierreeav.wordpress.com/GET.html]
[s0.wp.com/wp-content/mu-plugins/actionbar/actionbar2866.css]
[pierreeav.files.wordpress.com/2022/05/kali-175cc.png]
[pierreeav.files.wordpress.com/2022/05/kali-1.png]
[pierreeav.files.wordpress.com/2022/05/burp-logod20f.png]
[pierreeav.files.wordpress.com/2022/05/johnf20a.png]
[pierreeav.files.wordpress.com/2022/05/sitelogo-nmap-1680x900-22dff.png]
[pierreeav.files.wordpress.com/2022/05/wireshark-1.png]
[pierreeav.wordpress.com/portfolio/kali-linux/GET]
[pierreeav.wordpress.com/portfolio/kali-linux/index.html]
[pierreeav.files.wordpress.com/2022/05/easysavecliec23.png]
[pierreeav.files.wordpress.com/2022/05/easysaveigd42d.png]
[pierreeav.wordpress.com/portfolio/easysave/GET]
[pierreeav.wordpress.com/portfolio/easysave/index.html]
[pierreeav.files.wordpress.com/2022/05/image-1965c.png]
[pierreeav.wordpress.com/portfolio/wordlist/GET]
[pierreeav.wordpress.com/portfolio/wordlist/index.html]
[pierreeav.files.wordpress.com/2022/05/image-27595.png]
[pierreeav.wordpress.com/portfolio/sportdehors/GET]
[pierreeav.wordpress.com/portfolio/sportdehors/index.html]
[pierreeav.files.wordpress.com/2022/05/guestshell6912.jpg]
[pierreeav.files.wordpress.com/2022/05/image-1207b2.png]
[pierreeav.wordpress.com/portfolio/guestshell/GET]
[pierreeav.wordpress.com/portfolio/guestshell/index.html]
[pierreeav.files.wordpress.com/2022/05/logo-gir7770.png]
[pierreeav.wordpress.com/portfolio/gameinreims/GET]
[pierreeav.wordpress.com/portfolio/gameinreims/index.html]
[pierreeav.files.wordpress.com/2022/05/honeypot-removebg-preview803e.png]
[pierreeav.files.wordpress.com/2022/05/image-8fb67.png]
[pierreeav.files.wordpress.com/2022/05/image-993af.png]
[pierreeav.files.wordpress.com/2022/05/image-10fb67.png]
[pierreeav.files.wordpress.com/2022/05/image-119966.png]
[pierreeav.wordpress.com/portfolio/setting-up-a-honeypot-server/GET]
[pierreeav.wordpress.com/portfolio/setting-up-a-honeypot-server/index.html]
[pierreeav.files.wordpress.com/2022/05/documentation-systeme-dinformation-pourquoi-est-ce-indispensable2dff.jpg]
[pierreeav.files.wordpress.com/2022/05/abstergo.drawio2dff.png]
[pierreeav.files.wordpress.com/2022/05/image-60353.png]
[pierreeav.wordpress.com/portfolio/setting-up-an-si/GET]
[pierreeav.wordpress.com/portfolio/setting-up-an-si/index.html]
[pierreeav.files.wordpress.com/2022/05/800px-cisco_logo_blue_2016.svg_75cc.png]
[pierreeav.files.wordpress.com/2022/05/image-53a79.png]
[pierreeav.wordpress.com/portfolio/cisco-infrastructure/GET]
[pierreeav.wordpress.com/portfolio/cisco-infrastructure/index.html]
[pierreeav.files.wordpress.com/2022/05/icons_ctf_12dff.png]
[pierreeav.files.wordpress.com/2022/05/image-32dff.png]
[pierreeav.files.wordpress.com/2022/05/image-42dff.png]
[pierreeav.wordpress.com/portfolio/ctf-et-challenges/GET]
[pierreeav.wordpress.com/portfolio/others/index.html]
[pierreeav.wordpress.com/portfolio/ctf-et-challenges/index.html]
[pierreeav.files.wordpress.com/2022/05/image-13bca5.png]
[pierreeav.wordpress.com/portfolio/page/2/GET]
[pierreeav.wordpress.com/portfolio/page/2/index.html]
[pierreeav.wordpress.com/portfolio/GET.html]
[s1.wp.com/wp-content/mu-plugins/jetpack-plugin/production/modules/tiled-gallery/tiled-gallery/tiled-gallery2caa.css]
[pierreeav.wordpress.com/resume/GET.html]
[pierreeav.wordpress.com/contact/GET.html]
[pierreeav.wordpress.com/portfolio/kali-linux/GET.html]
[pierreeav.wordpress.com/portfolio/easysave/GET.html]
[pierreeav.wordpress.com/portfolio/wordlist/GET.html]
[pierreeav.wordpress.com/portfolio/sportdehors/GET.html]
[pierreeav.wordpress.com/portfolio/guestshell/GET.html]
[pierreeav.wordpress.com/portfolio/gameinreims/GET.html]
[pierreeav.wordpress.com/portfolio/setting-up-a-honeypot-server/GET.html]
[pierreeav.wordpress.com/portfolio/setting-up-an-si/GET.html]
[pierreeav.wordpress.com/portfolio/cisco-infrastructure/GET.html]
[pierreeav.files.wordpress.com/2022/05/image-13.png]
[pierreeav.files.wordpress.com/2022/05/image-14.png]
[pierreeav.files.wordpress.com/2022/05/image-18.png]
[pierreeav.wordpress.com/portfolio/others/GET]
[pierreeav.wordpress.com/portfolio/others/index.html]
[pierreeav.wordpress.com/portfolio/ctf-et-challenges/GET.html]
[pierreeav.wordpress.com/portfolio/page/2/GET.html]
[pierreeav.wordpress.com/portfolio/others/GET.html]
